../Core/Src/ws2812b.c:32:23:ScaleBrightness	16	static
../Core/Src/ws2812b.c:43:13:EncodeLED	32	static
../Core/Src/ws2812b.c:62:13:BuildDMABuffer	16	static
../Core/Src/ws2812b.c:79:6:WS2812B_Init	16	static
../Core/Src/ws2812b.c:87:6:WS2812B_SetLED	16	static
../Core/Src/ws2812b.c:95:6:WS2812B_Fill	24	static
../Core/Src/ws2812b.c:103:6:WS2812B_Clear	8	static
../Core/Src/ws2812b.c:108:6:WS2812B_SetBrightness	16	static
../Core/Src/ws2812b.c:113:6:WS2812B_HSV	32	static
../Core/Src/ws2812b.c:142:6:WS2812B_Show	16	static
../Core/Src/ws2812b.c:176:6:WS2812B_TransferComplete	16	static
